<?xml version='1.0' encoding='utf-8'?>
<testsuites><testsuite name="tc-live-url-smoke-001" tests="2" failures="0" errors="0" skipped="0" time="1.950"><testcase name="step_1_none" classname="tc-live-url-smoke-001" time="0" /><testcase name="step_2_assert" classname="tc-live-url-smoke-001" time="0" /></testsuite></testsuites>